// Jest Snapshot v1, https://goo.gl/fbAQLP

exports[`GlobalSearchResultsEmpty component basics renders all parts of header 1`] = `
<gl-empty-state-stub
  contentclass=""
  description="No results found"
  invertindarkmode="true"
  svgheight="144"
  svgpath="file-mock"
  title="No results found"
>
  <gl-sprintf-stub
    message="We couldn't find any %{scope} matching %{term}"
  />
</gl-empty-state-stub>
`;
